[faithfutures5.wixsite.com/mysite.html]
[static.parastorage.com/unpkg/core-js-bundle@3.2.1/minified.js]
[static.parastorage.com/unpkg/focus-within-polyfill@5.0.9/dist/focus-within-polyfill.js]
[backblue.gif]
[fade.gif]
[index.html]
[polyfill-fastly.io/v3/polyfill.mind82c.js]
[faithfutures5.wixsite.com/c.4.delayed]
[faithfutures5.wixsite.com/t.5.delayed]
[faithfutures5.wixsite.com/index.html]
[static.wixstatic.com/media/e1cedd_70d7ad205058497380ba6c20ca7551ec_mv2.jpg/v1/fill/w_141,h_62,al_c,q_80,usm_0.66_1.00_0.01,enc_avif,quality_auto/Image 11-15-24 at 12_edited.jpg]
[faithfutures5.wixsite.com/mysite/colleges.html]
[faithfutures5.wixsite.com/mysite/alternate-services.html]
[faithfutures5.wixsite.com/mysite/contact-us.html]
[faithfutures5.wixsite.com/mysite/team.html]
[static.wixstatic.com/media/11062b_5bf144f8ae764a70ad76808589f02c12_mv2_d_6/v1/fill/w_163,h_109,al_c,q_80,usm_0.66_1.00_0.01,blur_2/11062b_5bf144f8ae764a70ad76808589f02c12_mv2_d_6000_4000_s_4_2.jpg]
[static.wixstatic.com/media/e1cedd_8cd8f12a5b2e499088efb5a2328166ad_mv2.png/v1/crop/x_0,y_13,w_600,h_324/fill/w_104,h_56,al_c,q_85,usm_0.66_1.00_0.01,blur_2,enc_avif,quality_auto/SWU Logo.png]
[static.wixstatic.com/media/e1cedd_9bf634bef16c4c3c992d3e367dd96c46_mv2.png/v1/fill/w_47,h_71,al_c,q_85,usm_0.66_1.00_0.01,blur_2,enc_avif,quality_auto/PC  Logo.png]
[static.wixstatic.com/media/e1cedd_8af1319e8eff4fa1a62c9f4be03a8098_mv2.jpg/v1/crop/x_57,y_0,w_885,h_600/fill/w_104,h_71,al_c,q_80,usm_0.66_1.00_0.01,blur_2,enc_avif,quality_auto/Wofford College Logo.jpg]
[static.wixstatic.com/media/e1cedd_1ebb8289e4ca4668ac3765eca1263f41_mv2.png/v1/fill/w_71,h_71,al_c,q_85,usm_0.66_1.00_0.01,blur_2,enc_avif,quality_auto/SMC Logo.png]
[static.wixstatic.com/media/e1cedd_fc7bd4b86a7a40c7ab35bd53b5d0ee4a_mv2.jpg/v1/fill/w_99,h_50,al_c,q_80,usm_0.66_1.00_0.01,blur_2,enc_avif,quality_auto/College Boards Big Future LOGO_edited_jp.jpg]
[static.wixstatic.com/media/e1cedd_4df196c574654f40a0431f0b5d219c74_mv2.png/v1/fill/w_55,h_29,al_c,q_85,usm_0.66_1.00_0.01,blur_2,enc_avif,quality_auto/FAFSA LOGO.png]
[static.wixstatic.com/media/e1cedd_96a970bd05c7461fbb86301b32e4aecc_mv2.png/v1/crop/x_0,y_8,w_300,h_152/fill/w_55,h_28,al_c,q_85,usm_0.66_1.00_0.01,blur_2,enc_avif,quality_auto/College Aid Pro LOGO.png]
[static.wixstatic.com/media/e1cedd_08f8e01795ef405980e3acdec8aa5332_mv2.jpg/v1/fill/w_78,h_52,al_c,q_80,usm_0.66_1.00_0.01,blur_2,enc_avif,quality_auto/Kahan Academy_edited.jpg]
[static.wixstatic.com/media/e1cedd_4ff0cb5b9ac24f6488e68d888b3025fc_mv2.jpg/v1/fill/w_52,h_52,al_c,q_80,usm_0.66_1.00_0.01,blur_2,enc_avif,quality_auto/My Next Move LOGO_edited.jpg]
[static.wixstatic.com/media/e1cedd_08e91d5cc3d94181a28617df76af3427_mv2.jpg/v1/fill/w_52,h_52,al_c,q_80,usm_0.66_1.00_0.01,blur_2,enc_avif,quality_auto/You Visit LOGO_edited_edited.jpg]
[static.wixstatic.com/media/e1cedd_3de9198203d84981b5f84dabfbfacd70_mv2.jpg/v1/fill/w_123,h_122,al_c,q_80,usm_0.66_1.00_0.01,blur_2,enc_avif,quality_auto/e1cedd_3de9198203d84981b5f84dabfbfacd70_mv2.jpg]
[static.parastorage.com/services/wix-thunderbolt/dist/8875.d06b9c87.bundle.min.js]
[browser.sentry-cdn.com/6.18.2/bundle.min.js]
[faithfutures5.wixsite.com/sitemap.19.delayed]
[faithfutures5.wixsite.com/feed.1a.delayed]
[static.parastorage.com/services/wix-thunderbolt/dist/thunderbolt-commons.f3af5900.bundle.min.js]
[static.parastorage.com/services/wix-thunderbolt/dist/main.0e6303e1.bundle.min.js]
[static.parastorage.com/services/wix-thunderbolt/dist/main.renderer.1d21f023.bundle.min.js]
[static.parastorage.com/unpkg/lodash@4.17.21/lodash.min.js]
[static.parastorage.com/unpkg/react@18.3.1/umd/react.production.min.js]
[static.parastorage.com/unpkg/react-dom@18.3.1/umd/react-dom.production.min.js]
[static.parastorage.com/services/wix-thunderbolt/dist/browser-deprecation.bundle.es5.js]
[faithfutures5.wixsite.com/decodeURIComponent(e.22.delayed]
[faithfutures5.wixsite.com/mysite.html]
[faithfutures5.wixsite.com/c.html]
[faithfutures5.wixsite.com/t.html]
[faithfutures5.wixsite.com/index.html]
[static.parastorage.com/services/tag-manager-client/1.875.0/siteTags.bundle.min.js]
[faithfutures5.wixsite.com/mysite/c.24.delayed]
[faithfutures5.wixsite.com/mysite/t.25.delayed]
[static.wixstatic.com/media/e1cedd_585f09264deb4fd0bb351e7b61668e0a_mv2.png/v1/crop/x_0,y_241,w_1152,h_414/fill/w_980,h_352,al_c,q_85,usm_0.66_1.00_0.01,enc_av/inject-blog-service_1731515093536.png]
[static.wixstatic.com/media/e1cedd_078be0a90ca540d591c3f3ecce606c2c_mv2.jpg/v1/fill/w_66,h_66,al_c,q_80,usm_0.66_1.00_0.01,blur_2,enc_avif,quality_auto/NGU Logo NG_edited.jpg]
[faithfutures5.wixsite.com/mysite/about-5.html]
[static.wixstatic.com/media/e1cedd_8af1319e8eff4fa1a62c9f4be03a8098_mv2.jpg/v1/fill/w_90,h_54,al_c,q_80,usm_0.66_1.00_0.01,blur_2,enc_avif,quality_auto/Wofford College Logo.jpg]
[faithfutures5.wixsite.com/mysite/copy-of-north-greenville-university-1.html]
[static.wixstatic.com/media/e1cedd_1ebb8289e4ca4668ac3765eca1263f41_mv2.png/v1/fill/w_66,h_66,al_c,q_85,usm_0.66_1.00_0.01,blur_2,enc_avif,quality_auto/SMC Logo.png]
[faithfutures5.wixsite.com/mysite/copy-of-southern-wesleyan-university-1.html]
[static.wixstatic.com/media/e1cedd_8cd8f12a5b2e499088efb5a2328166ad_mv2.png/v1/fill/w_90,h_52,al_c,q_85,usm_0.66_1.00_0.01,blur_2,enc_avif,quality_auto/SWU Logo.png]
[faithfutures5.wixsite.com/mysite/copy-of-north-greenville-university.html]
[static.wixstatic.com/media/e1cedd_9bf634bef16c4c3c992d3e367dd96c46_mv2.png/v1/fill/w_44,h_66,al_c,q_85,usm_0.66_1.00_0.01,blur_2,enc_avif,quality_auto/PC  Logo.png]
[faithfutures5.wixsite.com/mysite/copy-of-southern-wesleyan-university.html]
[faithfutures5.wixsite.com/mysite/robots.31.delayed]
[faithfutures5.wixsite.com/mysite/sitemap.xml]
[faithfutures5.wixsite.com/mysite/feed.33.delayed]
[faithfutures5.wixsite.com/mysite/decodeURIComponent(e.34.delayed]
[faithfutures5.wixsite.com/mysite/colleges.html]
[faithfutures5.wixsite.com/mysite/alternate-services.html]
[faithfutures5.wixsite.com/mysite/contact-us.html]
[faithfutures5.wixsite.com/mysite/team/brian-chung.html]
[static.wixstatic.com/media/e1cedd_6438504b47ae4a53a723112ed4539c86_mv2.jpg/v1/fill/w_279,h_280,al_c,q_80,usm_0.66_1.00_0.01,enc_avif,quality_auto/Image-empty-state.jpg]
[faithfutures5.wixsite.com/mysite/team/kelly-parker.html]
[static.wixstatic.com/media/e1cedd_1f0121c39d5b4789a4a60a736b20672b_mv2.jpg/v1/fill/w_279,h_280,al_c,q_80,usm_0.66_1.00_0.01,enc_avif,quality_auto/Image-empty-state.jpg]
[faithfutures5.wixsite.com/mysite/team/ashley-amerson.html]
[static.wixstatic.com/media/e1cedd_c2f6c7b374954494b11330dfedc4269b_mv2.jpg/v1/fill/w_279,h_280,al_c,q_80,usm_0.66_1.00_0.01,enc_avif,quality_auto/Image-empty-state.jpg]
[faithfutures5.wixsite.com/mysite/team/marcus-harris.html]
[static.wixstatic.com/media/e1cedd_72b6f37af43e4ae8b78b06fe08f9d5c0_mv2.jpg/v1/fill/w_279,h_280,al_c,q_80,usm_0.66_1.00_0.01,enc_avif,quality_auto/Image-empty-state.jpg]
[faithfutures5.wixsite.com/mysite/team/brad-grecco.html]
[static.wixstatic.com/media/e1cedd_0a42475bbb5743f693b4b60d4f09a9c3_mv2.jpeg/v1/fill/w_279,h_280,al_c,lg_1,q_80,enc_avif,quality_auto/Image-empty-state.jpg]
[faithfutures5.wixsite.com/mysite/team.html]
[faithfutures5.wixsite.com/sitemap.html]
[faithfutures5.wixsite.com/feed.html]
[faithfutures5.wixsite.com/decodeURIComponent(e.html]
[faithfutures5.wixsite.com/mysite/c.html]
[faithfutures5.wixsite.com/mysite/t.html]
[static.wixstatic.com/media/e1cedd_adffa9be671044bb9dd91afe35a0a227_mv2.jpeg/v1/fill/w_81,h_81,al_c,q_80,usm_0.66_1.00_0.01,blur_2,enc_avif,quality_auto/e1cedd_adffa9be671044bb9dd91afe35a0a227_mv2.jpg]
[faithfutures5.wixsite.com/mysite/about-5.html]
[static.wixstatic.com/media/e1cedd_8af1319e8eff4fa1a62c9f4be03a8098_mv2.jpg/v1/fill/w_81,h_48,al_c,q_80,usm_0.66_1.00_0.01,blur_2,enc_avif,quality_auto/e1cedd_8af1319e8eff4fa1a62c9f4be03a8098_mv2.jpg]
[faithfutures5.wixsite.com/mysite/copy-of-north-greenville-university-1.html]
[static.wixstatic.com/media/e1cedd_1ebb8289e4ca4668ac3765eca1263f41_mv2.png/v1/crop/x_0,y_224,w_555,h_107,q_85,blur_1,enc_auto/e1cedd_1ebb8289e4ca4668ac3765eca1263f41_mv2.png]
[faithfutures5.wixsite.com/mysite/copy-of-southern-wesleyan-university-1.html]
[static.wixstatic.com/media/e1cedd_8cd8f12a5b2e499088efb5a2328166ad_mv2.png/v1/fill/w_81,h_47,al_c,q_85,usm_0.66_1.00_0.01,blur_2,enc_avif,quality_auto/e1cedd_8cd8f12a5b2e499088efb5a2328166ad_mv2.png]
[faithfutures5.wixsite.com/mysite/copy-of-north-greenville-university.html]
[static.wixstatic.com/media/e1cedd_9bf634bef16c4c3c992d3e367dd96c46_mv2.png/v1/fill/w_71,h_107,al_c,q_85,usm_0.66_1.00_0.01,blur_2,enc_avif,quality_auto/e1cedd_9bf634bef16c4c3c992d3e367dd96c46_mv2.png]
[faithfutures5.wixsite.com/mysite/copy-of-southern-wesleyan-university.html]
[faithfutures5.wixsite.com/mysite/robots.html]
[faithfutures5.wixsite.com/mysite/feed.html]
[faithfutures5.wixsite.com/mysite/decodeURIComponent(e.html]
[faithfutures5.wixsite.com/mysite/team/c.44.delayed]
[faithfutures5.wixsite.com/mysite/team/t.45.delayed]
[static.wixstatic.com/media/e1cedd_6438504b47ae4a53a723112ed4539c86_mv2.jpg/v1/fill/w_392,h_392,al_c,q_80,usm_0.66_1.00_0.01,enc_avif,quality_auto/Image-empty-state.jpg]
[faithfutures5.wixsite.com/mysite/team/robots.47.delayed]
[faithfutures5.wixsite.com/mysite/team/sitemap.48.delayed]
[faithfutures5.wixsite.com/mysite/team/feed.49.delayed]
[static.parastorage.com/services/ricos-viewer-ooi/10.106.4/ricosviewerViewerWidget.bundle.min.js]
[faithfutures5.wixsite.com/mysite/team/brian-chung.html]
[faithfutures5.wixsite.com/mysite/team/decodeURIComponent(e.html]
[static.wixstatic.com/media/e1cedd_1f0121c39d5b4789a4a60a736b20672b_mv2.jpg/v1/fill/w_392,h_392,al_c,q_80,usm_0.66_1.00_0.01,enc_avif,quality_auto/Image-empty-state.jpg]
[faithfutures5.wixsite.com/mysite/team/kelly-parker.html]
[static.wixstatic.com/media/e1cedd_c2f6c7b374954494b11330dfedc4269b_mv2.jpg/v1/fill/w_392,h_392,al_c,q_80,usm_0.66_1.00_0.01,enc_avif,quality_auto/Image-empty-state.jpg]
[faithfutures5.wixsite.com/mysite/team/ashley-amerson.html]
[static.wixstatic.com/media/e1cedd_72b6f37af43e4ae8b78b06fe08f9d5c0_mv2.jpg/v1/fill/w_392,h_392,al_c,q_80,usm_0.66_1.00_0.01,enc_avif,quality_auto/Image-empty-state.jpg]
[faithfutures5.wixsite.com/mysite/team/marcus-harris.html]
[static.wixstatic.com/media/e1cedd_0a42475bbb5743f693b4b60d4f09a9c3_mv2.jpeg/v1/fill/w_336,h_336,al_c,lg_1,q_80,enc_avif,quality_auto/Image-empty-state.jpg]
[faithfutures5.wixsite.com/mysite/team/brad-grecco.html]
[faithfutures5.wixsite.com/mysite/team/c.html]
[faithfutures5.wixsite.com/mysite/team/t.html]
[faithfutures5.wixsite.com/mysite/team/robots.html]
[faithfutures5.wixsite.com/mysite/team/sitemap.html]
[faithfutures5.wixsite.com/mysite/team/feed.html]
[faithfutures5.wixsite.com/mysite/team/decodeURIComponent(e.html]
